<?xml version="1.0" encoding="utf-8"?><testsuites name="pytest tests"><testsuite name="pytest" errors="0" failures="0" skipped="0" tests="20" time="1.164" timestamp="2025-10-22T15:19:23.721012+01:00" hostname="iMac"><testcase classname="tests.test_metadata_generation.TestMetadataGeneration" name="test_open_graph_tags_generation" time="0.025" /><testcase classname="tests.test_metadata_generation.TestMetadataGeneration" name="test_open_graph_image_tags" time="0.022" /><testcase classname="tests.test_metadata_generation.TestMetadataGeneration" name="test_open_graph_no_thumbnail" time="0.022" /><testcase classname="tests.test_metadata_generation.TestMetadataGeneration" name="test_twitter_card_tags_generation" time="0.022" /><testcase classname="tests.test_metadata_generation.TestMetadataGeneration" name="test_twitter_card_image_tags" time="0.021" /><testcase classname="tests.test_metadata_generation.TestMetadataGeneration" name="test_twitter_card_no_thumbnail" time="0.021" /><testcase classname="tests.test_metadata_generation.TestMetadataGeneration" name="test_schema_org_json_ld_generation" time="0.024" /><testcase classname="tests.test_metadata_generation.TestMetadataGeneration" name="test_schema_org_no_thumbnail" time="0.022" /><testcase classname="tests.test_metadata_generation.TestMetadataGeneration" name="test_schema_org_minimal_metadata" time="0.020" /><testcase classname="tests.test_metadata_generation.TestMetadataGeneration" name="test_oembed_discovery_link" time="0.022" /><testcase classname="tests.test_metadata_generation.TestMetadataGeneration" name="test_meta_description_generation" time="0.020" /><testcase classname="tests.test_metadata_generation.TestMetadataGeneration" name="test_meta_keywords_generation" time="0.021" /><testcase classname="tests.test_metadata_generation.TestMetadataGeneration" name="test_page_title_generation" time="0.020" /><testcase classname="tests.test_metadata_generation.TestMetadataGeneration" name="test_security_headers" time="0.020" /><testcase classname="tests.test_metadata_generation.TestMetadataGeneration" name="test_edge_case_long_titles" time="0.021" /><testcase classname="tests.test_metadata_generation.TestMetadataGeneration" name="test_special_characters_in_metadata" time="0.022" /><testcase classname="tests.test_metadata_generation.TestMetadataGeneration" name="test_mime_type_handling" time="0.047" /><testcase classname="tests.test_metadata_generation.TestMetadataValidation" name="test_open_graph_required_tags" time="0.000" /><testcase classname="tests.test_metadata_generation.TestMetadataValidation" name="test_twitter_card_required_tags" time="0.000" /><testcase classname="tests.test_metadata_generation.TestMetadataValidation" name="test_schema_org_required_fields" time="0.000" /></testsuite></testsuites>